============================= test session starts =============================
platform win32 -- Python 3.13.7, pytest-9.1.1, pluggy-1.6.0 -- C:\Python313\python.exe
cachedir: .pytest_cache
rootdir: C:\Users\dyara\CaseClock
configfile: pytest.ini
plugins: anyio-4.12.0, langsmith-0.6.0
collecting ... collected 0 items / 4 errors

=================================== ERRORS ====================================
______________ ERROR collecting tests/graph/test_aggregation.py _______________
ImportError while importing test module 'C:\Users\dyara\CaseClock\tests\graph\test_aggregation.py'.
Hint: make sure your test modules/packages have valid Python names.
Traceback:
..\AppData\Roaming\Python\Python313\site-packages\_pytest\python.py:508: in importtestmodule
    mod = import_path(
..\AppData\Roaming\Python\Python313\site-packages\_pytest\pathlib.py:596: in import_path
    importlib.import_module(module_name)
C:\Python313\Lib\importlib\__init__.py:88: in import_module
    return _bootstrap._gcd_import(name[level:], package, level)
           ^^^^^^^^^^^^^^^^^^^^^^^^^^^^^^^^^^^^^^^^^^^^^^^^^^^^
<frozen importlib._bootstrap>:1387: in _gcd_import
    ???
<frozen importlib._bootstrap>:1360: in _find_and_load
    ???
<frozen importlib._bootstrap>:1331: in _find_and_load_unlocked
    ???
<frozen importlib._bootstrap>:935: in _load_unlocked
    ???
..\AppData\Roaming\Python\Python313\site-packages\_pytest\assertion\rewrite.py:188: in exec_module
    exec(co, module.__dict__)
tests\graph\test_aggregation.py:43: in <module>
    from graph.algorithms.utils import (
E   ImportError: cannot import name '_FakeEdge' from 'graph.algorithms.utils' (C:\Users\dyara\CaseClock\graph\algorithms\utils.py)
------------------------------- Captured stdout -------------------------------
ROOT = C:\Users\dyara\CaseClock
['C:\\Users\\dyara\\CaseClock', 'C:\\Users\\dyara\\CaseClock\\tests\\graph', 'C:\\Users\\dyara\\CaseClock', 'C:\\Users\\dyara\\CaseClock', 'C:\\Python313\\python313.zip']
GRAPH = C:\Users\dyara\CaseClock\graph\__init__.py
GRAPH ALGORITHMS OK
___________ ERROR collecting tests/graph/test_pattern_detection.py ____________
ImportError while importing test module 'C:\Users\dyara\CaseClock\tests\graph\test_pattern_detection.py'.
Hint: make sure your test modules/packages have valid Python names.
Traceback:
..\AppData\Roaming\Python\Python313\site-packages\_pytest\python.py:508: in importtestmodule
    mod = import_path(
..\AppData\Roaming\Python\Python313\site-packages\_pytest\pathlib.py:596: in import_path
    importlib.import_module(module_name)
C:\Python313\Lib\importlib\__init__.py:88: in import_module
    return _bootstrap._gcd_import(name[level:], package, level)
           ^^^^^^^^^^^^^^^^^^^^^^^^^^^^^^^^^^^^^^^^^^^^^^^^^^^^
<frozen importlib._bootstrap>:1387: in _gcd_import
    ???
<frozen importlib._bootstrap>:1360: in _find_and_load
    ???
<frozen importlib._bootstrap>:1331: in _find_and_load_unlocked
    ???
<frozen importlib._bootstrap>:935: in _load_unlocked
    ???
..\AppData\Roaming\Python\Python313\site-packages\_pytest\assertion\rewrite.py:188: in exec_module
    exec(co, module.__dict__)
tests\graph\test_pattern_detection.py:39: in <module>
    from graph.algorithms.utils import (
E   ImportError: cannot import name '_FakeEdge' from 'graph.algorithms.utils' (C:\Users\dyara\CaseClock\graph\algorithms\utils.py)
_______________ ERROR collecting tests/graph/test_similarity.py _______________
ImportError while importing test module 'C:\Users\dyara\CaseClock\tests\graph\test_similarity.py'.
Hint: make sure your test modules/packages have valid Python names.
Traceback:
..\AppData\Roaming\Python\Python313\site-packages\_pytest\python.py:508: in importtestmodule
    mod = import_path(
..\AppData\Roaming\Python\Python313\site-packages\_pytest\pathlib.py:596: in import_path
    importlib.import_module(module_name)
C:\Python313\Lib\importlib\__init__.py:88: in import_module
    return _bootstrap._gcd_import(name[level:], package, level)
           ^^^^^^^^^^^^^^^^^^^^^^^^^^^^^^^^^^^^^^^^^^^^^^^^^^^^
<frozen importlib._bootstrap>:1387: in _gcd_import
    ???
<frozen importlib._bootstrap>:1360: in _find_and_load
    ???
<frozen importlib._bootstrap>:1331: in _find_and_load_unlocked
    ???
<frozen importlib._bootstrap>:935: in _load_unlocked
    ???
..\AppData\Roaming\Python\Python313\site-packages\_pytest\assertion\rewrite.py:188: in exec_module
    exec(co, module.__dict__)
tests\graph\test_similarity.py:30: in <module>
    from graph.algorithms.utils import (
E   ImportError: cannot import name '_FakeEdge' from 'graph.algorithms.utils' (C:\Users\dyara\CaseClock\graph\algorithms\utils.py)
_______________ ERROR collecting tests/graph/test_traversals.py _______________
ImportError while importing test module 'C:\Users\dyara\CaseClock\tests\graph\test_traversals.py'.
Hint: make sure your test modules/packages have valid Python names.
Traceback:
..\AppData\Roaming\Python\Python313\site-packages\_pytest\python.py:508: in importtestmodule
    mod = import_path(
..\AppData\Roaming\Python\Python313\site-packages\_pytest\pathlib.py:596: in import_path
    importlib.import_module(module_name)
C:\Python313\Lib\importlib\__init__.py:88: in import_module
    return _bootstrap._gcd_import(name[level:], package, level)
           ^^^^^^^^^^^^^^^^^^^^^^^^^^^^^^^^^^^^^^^^^^^^^^^^^^^^
<frozen importlib._bootstrap>:1387: in _gcd_import
    ???
<frozen importlib._bootstrap>:1360: in _find_and_load
    ???
<frozen importlib._bootstrap>:1331: in _find_and_load_unlocked
    ???
<frozen importlib._bootstrap>:935: in _load_unlocked
    ???
..\AppData\Roaming\Python\Python313\site-packages\_pytest\assertion\rewrite.py:188: in exec_module
    exec(co, module.__dict__)
tests\graph\test_traversals.py:45: in <module>
    from graph.algorithms.utils import (
E   ImportError: cannot import name '_FakeEdge' from 'graph.algorithms.utils' (C:\Users\dyara\CaseClock\graph\algorithms\utils.py)
=========================== short test summary info ===========================
ERROR tests/graph/test_aggregation.py
ERROR tests/graph/test_pattern_detection.py
ERROR tests/graph/test_similarity.py
ERROR tests/graph/test_traversals.py
!!!!!!!!!!!!!!!!!!! Interrupted: 4 errors during collection !!!!!!!!!!!!!!!!!!!
============================== 4 errors in 1.04s ==============================
